<?xml version="1.0" encoding="utf-8"?>
<FxRates xmlns="http://www.lb.lt/WebServices/FxRates">
  <FxRate>
    <Tp>LT</Tp>
    <Dt>2013-01-01</Dt>
    <CcyAmt>
      <Ccy>LTL</Ccy>
      <Amt>7.0949</Amt>
    </CcyAmt>
    <CcyAmt>
      <Ccy>AED</Ccy>
      <Amt>10</Amt>
    </CcyAmt>
  </FxRate>
  <FxRate>
    <Tp>LT</Tp>
    <Dt>2013-01-01</Dt>
    <CcyAmt>
      <Ccy>LTL</Ccy>
      <Amt>5</Amt>
    </CcyAmt>
    <CcyAmt>
      <Ccy>AFN</Ccy>
      <Amt>100</Amt>
    </CcyAmt>
  </FxRate>
  <FxRate>
    <Tp>LT</Tp>
    <Dt>2013-01-01</Dt>
    <CcyAmt>
      <Ccy>LTL</Ccy>
      <Amt>2.4707</Amt>
    </CcyAmt>
    <CcyAmt>
      <Ccy>ALL</Ccy>
      <Amt>100</Amt>
    </CcyAmt>
  </FxRate>
  <FxRate>
    <Tp>LT</Tp>
    <Dt>2013-01-01</Dt>
    <CcyAmt>
      <Ccy>LTL</Ccy>
      <Amt>6.4625</Amt>
    </CcyAmt>
    <CcyAmt>
      <Ccy>AMD</Ccy>
      <Amt>1000</Amt>
    </CcyAmt>
  </FxRate>
  <FxRate>
    <Tp>LT</Tp>
    <Dt>2013-01-01</Dt>
    <CcyAmt>
      <Ccy>LTL</Ccy>
      <Amt>5.3064</Amt>
    </CcyAmt>
    <CcyAmt>
      <Ccy>ARS</Ccy>
      <Amt>10</Amt>
    </CcyAmt>
  </FxRate>
  <FxRate>
    <Tp>LT</Tp>
    <Dt>2013-01-01</Dt>
    <CcyAmt>
      <Ccy>LTL</Ccy>
      <Amt>2.7070</Amt>
    </CcyAmt>
    <CcyAmt>
      <Ccy>AUD</Ccy>
      <Amt>1</Amt>
    </CcyAmt>
  </FxRate>
  <FxRate>
    <Tp>LT</Tp>
    <Dt>2013-01-01</Dt>
    <CcyAmt>
      <Ccy>LTL</Ccy>
      <Amt>3.3240</Amt>
    </CcyAmt>
    <CcyAmt>
      <Ccy>AZN</Ccy>
      <Amt>1</Amt>
    </CcyAmt>
  </FxRate>
  <FxRate>
    <Tp>LT</Tp>
    <Dt>2013-01-01</Dt>
    <CcyAmt>
      <Ccy>LTL</Ccy>
      <Amt>1.7595</Amt>
    </CcyAmt>
    <CcyAmt>
      <Ccy>BAM</Ccy>
      <Amt>1</Amt>
    </CcyAmt>
  </FxRate>
  <FxRate>
    <Tp>LT</Tp>
    <Dt>2013-01-01</Dt>
    <CcyAmt>
      <Ccy>LTL</Ccy>
      <Amt>3.2644</Amt>
    </CcyAmt>
    <CcyAmt>
      <Ccy>BDT</Ccy>
      <Amt>100</Amt>
    </CcyAmt>
  </FxRate>
  <FxRate>
    <Tp>LT</Tp>
    <Dt>2013-01-01</Dt>
    <CcyAmt>
      <Ccy>LTL</Ccy>
      <Amt>1.7655</Amt>
    </CcyAmt>
    <CcyAmt>
      <Ccy>BGN</Ccy>
      <Amt>1</Amt>
    </CcyAmt>
  </FxRate>
  <FxRate>
    <Tp>LT</Tp>
    <Dt>2013-01-01</Dt>
    <CcyAmt>
      <Ccy>LTL</Ccy>
      <Amt>6.9119</Amt>
    </CcyAmt>
    <CcyAmt>
      <Ccy>BHD</Ccy>
      <Amt>1</Amt>
    </CcyAmt>
  </FxRate>
  <FxRate>
    <Tp>LT</Tp>
    <Dt>2013-01-01</Dt>
    <CcyAmt>
      <Ccy>LTL</Ccy>
      <Amt>3.0320</Amt>
    </CcyAmt>
    <CcyAmt>
      <Ccy>BYR</Ccy>
      <Amt>10000</Amt>
    </CcyAmt>
  </FxRate>
  <FxRate>
    <Tp>LT</Tp>
    <Dt>2013-01-01</Dt>
    <CcyAmt>
      <Ccy>LTL</Ccy>
      <Amt>3.7175</Amt>
    </CcyAmt>
    <CcyAmt>
      <Ccy>BOB</Ccy>
      <Amt>10</Amt>
    </CcyAmt>
  </FxRate>
  <FxRate>
    <Tp>LT</Tp>
    <Dt>2013-01-01</Dt>
    <CcyAmt>
      <Ccy>LTL</Ccy>
      <Amt>1.2753</Amt>
    </CcyAmt>
    <CcyAmt>
      <Ccy>BRL</Ccy>
      <Amt>1</Amt>
    </CcyAmt>
  </FxRate>
  <FxRate>
    <Tp>LT</Tp>
    <Dt>2013-01-01</Dt>
    <CcyAmt>
      <Ccy>LTL</Ccy>
      <Amt>2.6204</Amt>
    </CcyAmt>
    <CcyAmt>
      <Ccy>CAD</Ccy>
      <Amt>1</Amt>
    </CcyAmt>
  </FxRate>
  <FxRate>
    <Tp>LT</Tp>
    <Dt>2013-01-01</Dt>
    <CcyAmt>
      <Ccy>LTL</Ccy>
      <Amt>2.8562</Amt>
    </CcyAmt>
    <CcyAmt>
      <Ccy>CHF</Ccy>
      <Amt>1</Amt>
    </CcyAmt>
  </FxRate>
  <FxRate>
    <Tp>LT</Tp>
    <Dt>2013-01-01</Dt>
    <CcyAmt>
      <Ccy>LTL</Ccy>
      <Amt>5.4297</Amt>
    </CcyAmt>
    <CcyAmt>
      <Ccy>CLP</Ccy>
      <Amt>1000</Amt>
    </CcyAmt>
  </FxRate>
  <FxRate>
    <Tp>LT</Tp>
    <Dt>2013-01-01</Dt>
    <CcyAmt>
      <Ccy>LTL</Ccy>
      <Amt>4.1821</Amt>
    </CcyAmt>
    <CcyAmt>
      <Ccy>CNY</Ccy>
      <Amt>10</Amt>
    </CcyAmt>
  </FxRate>
  <FxRate>
    <Tp>LT</Tp>
    <Dt>2013-01-01</Dt>
    <CcyAmt>
      <Ccy>LTL</Ccy>
      <Amt>1.4695</Amt>
    </CcyAmt>
    <CcyAmt>
      <Ccy>COP</Ccy>
      <Amt>1000</Amt>
    </CcyAmt>
  </FxRate>
  <FxRate>
    <Tp>LT</Tp>
    <Dt>2013-01-01</Dt>
    <CcyAmt>
      <Ccy>LTL</Ccy>
      <Amt>1.3771</Amt>
    </CcyAmt>
    <CcyAmt>
      <Ccy>CZK</Ccy>
      <Amt>10</Amt>
    </CcyAmt>
  </FxRate>
  <FxRate>
    <Tp>LT</Tp>
    <Dt>2013-01-01</Dt>
    <CcyAmt>
      <Ccy>LTL</Ccy>
      <Amt>4.6285</Amt>
    </CcyAmt>
    <CcyAmt>
      <Ccy>DKK</Ccy>
      <Amt>10</Amt>
    </CcyAmt>
  </FxRate>
  <FxRate>
    <Tp>LT</Tp>
    <Dt>2013-01-01</Dt>
    <CcyAmt>
      <Ccy>LTL</Ccy>
      <Amt>3.3343</Amt>
    </CcyAmt>
    <CcyAmt>
      <Ccy>DZD</Ccy>
      <Amt>100</Amt>
    </CcyAmt>
  </FxRate>
  <FxRate>
    <Tp>LT</Tp>
    <Dt>2013-01-01</Dt>
    <CcyAmt>
      <Ccy>LTL</Ccy>
      <Amt>4.2107</Amt>
    </CcyAmt>
    <CcyAmt>
      <Ccy>EGP</Ccy>
      <Amt>10</Amt>
    </CcyAmt>
  </FxRate>
  <FxRate>
    <Tp>LT</Tp>
    <Dt>2013-01-01</Dt>
    <CcyAmt>
      <Ccy>LTL</Ccy>
      <Amt>1.4263</Amt>
    </CcyAmt>
    <CcyAmt>
      <Ccy>ETB</Ccy>
      <Amt>10</Amt>
    </CcyAmt>
  </FxRate>
  <FxRate>
    <Tp>LT</Tp>
    <Dt>2013-01-01</Dt>
    <CcyAmt>
      <Ccy>LTL</Ccy>
      <Amt>3.4528</Amt>
    </CcyAmt>
    <CcyAmt>
      <Ccy>EUR</Ccy>
      <Amt>1</Amt>
    </CcyAmt>
  </FxRate>
  <FxRate>
    <Tp>LT</Tp>
    <Dt>2013-01-01</Dt>
    <CcyAmt>
      <Ccy>LTL</Ccy>
      <Amt>4.2015</Amt>
    </CcyAmt>
    <CcyAmt>
      <Ccy>GBP</Ccy>
      <Amt>1</Amt>
    </CcyAmt>
  </FxRate>
  <FxRate>
    <Tp>LT</Tp>
    <Dt>2013-01-01</Dt>
    <CcyAmt>
      <Ccy>LTL</Ccy>
      <Amt>1.5740</Amt>
    </CcyAmt>
    <CcyAmt>
      <Ccy>GEL</Ccy>
      <Amt>1</Amt>
    </CcyAmt>
  </FxRate>
  <FxRate>
    <Tp>LT</Tp>
    <Dt>2013-01-01</Dt>
    <CcyAmt>
      <Ccy>LTL</Ccy>
      <Amt>3.7165</Amt>
    </CcyAmt>
    <CcyAmt>
      <Ccy>GNF</Ccy>
      <Amt>10000</Amt>
    </CcyAmt>
  </FxRate>
  <FxRate>
    <Tp>LT</Tp>
    <Dt>2013-01-01</Dt>
    <CcyAmt>
      <Ccy>LTL</Ccy>
      <Amt>3.3618</Amt>
    </CcyAmt>
    <CcyAmt>
      <Ccy>HKD</Ccy>
      <Amt>10</Amt>
    </CcyAmt>
  </FxRate>
  <FxRate>
    <Tp>LT</Tp>
    <Dt>2013-01-01</Dt>
    <CcyAmt>
      <Ccy>LTL</Ccy>
      <Amt>4.5701</Amt>
    </CcyAmt>
    <CcyAmt>
      <Ccy>HRK</Ccy>
      <Amt>10</Amt>
    </CcyAmt>
  </FxRate>
  <FxRate>
    <Tp>LT</Tp>
    <Dt>2013-01-01</Dt>
    <CcyAmt>
      <Ccy>LTL</Ccy>
      <Amt>1.1834</Amt>
    </CcyAmt>
    <CcyAmt>
      <Ccy>HUF</Ccy>
      <Amt>100</Amt>
    </CcyAmt>
  </FxRate>
  <FxRate>
    <Tp>LT</Tp>
    <Dt>2013-01-01</Dt>
    <CcyAmt>
      <Ccy>LTL</Ccy>
      <Amt>2.6991</Amt>
    </CcyAmt>
    <CcyAmt>
      <Ccy>IDR</Ccy>
      <Amt>10000</Amt>
    </CcyAmt>
  </FxRate>
  <FxRate>
    <Tp>LT</Tp>
    <Dt>2013-01-01</Dt>
    <CcyAmt>
      <Ccy>LTL</Ccy>
      <Amt>1.2091</Amt>
    </CcyAmt>
    <CcyAmt>
      <Ccy>YER</Ccy>
      <Amt>100</Amt>
    </CcyAmt>
  </FxRate>
  <FxRate>
    <Tp>LT</Tp>
    <Dt>2013-01-01</Dt>
    <CcyAmt>
      <Ccy>LTL</Ccy>
      <Amt>6.9789</Amt>
    </CcyAmt>
    <CcyAmt>
      <Ccy>ILS</Ccy>
      <Amt>10</Amt>
    </CcyAmt>
  </FxRate>
  <FxRate>
    <Tp>LT</Tp>
    <Dt>2013-01-01</Dt>
    <CcyAmt>
      <Ccy>LTL</Ccy>
      <Amt>4.7563</Amt>
    </CcyAmt>
    <CcyAmt>
      <Ccy>INR</Ccy>
      <Amt>100</Amt>
    </CcyAmt>
  </FxRate>
  <FxRate>
    <Tp>LT</Tp>
    <Dt>2013-01-01</Dt>
    <CcyAmt>
      <Ccy>LTL</Ccy>
      <Amt>2.2388</Amt>
    </CcyAmt>
    <CcyAmt>
      <Ccy>IQD</Ccy>
      <Amt>1000</Amt>
    </CcyAmt>
  </FxRate>
  <FxRate>
    <Tp>LT</Tp>
    <Dt>2013-01-01</Dt>
    <CcyAmt>
      <Ccy>LTL</Ccy>
      <Amt>2.1230</Amt>
    </CcyAmt>
    <CcyAmt>
      <Ccy>IRR</Ccy>
      <Amt>10000</Amt>
    </CcyAmt>
  </FxRate>
  <FxRate>
    <Tp>LT</Tp>
    <Dt>2013-01-01</Dt>
    <CcyAmt>
      <Ccy>LTL</Ccy>
      <Amt>2.0394</Amt>
    </CcyAmt>
    <CcyAmt>
      <Ccy>ISK</Ccy>
      <Amt>100</Amt>
    </CcyAmt>
  </FxRate>
  <FxRate>
    <Tp>LT</Tp>
    <Dt>2013-01-01</Dt>
    <CcyAmt>
      <Ccy>LTL</Ccy>
      <Amt>3.6717</Amt>
    </CcyAmt>
    <CcyAmt>
      <Ccy>JOD</Ccy>
      <Amt>1</Amt>
    </CcyAmt>
  </FxRate>
  <FxRate>
    <Tp>LT</Tp>
    <Dt>2013-01-01</Dt>
    <CcyAmt>
      <Ccy>LTL</Ccy>
      <Amt>3.0186</Amt>
    </CcyAmt>
    <CcyAmt>
      <Ccy>JPY</Ccy>
      <Amt>100</Amt>
    </CcyAmt>
  </FxRate>
  <FxRate>
    <Tp>LT</Tp>
    <Dt>2013-01-01</Dt>
    <CcyAmt>
      <Ccy>LTL</Ccy>
      <Amt>3.0285</Amt>
    </CcyAmt>
    <CcyAmt>
      <Ccy>KES</Ccy>
      <Amt>100</Amt>
    </CcyAmt>
  </FxRate>
  <FxRate>
    <Tp>LT</Tp>
    <Dt>2013-01-01</Dt>
    <CcyAmt>
      <Ccy>LTL</Ccy>
      <Amt>5.4977</Amt>
    </CcyAmt>
    <CcyAmt>
      <Ccy>KGS</Ccy>
      <Amt>100</Amt>
    </CcyAmt>
  </FxRate>
  <FxRate>
    <Tp>LT</Tp>
    <Dt>2013-01-01</Dt>
    <CcyAmt>
      <Ccy>LTL</Ccy>
      <Amt>2.4353</Amt>
    </CcyAmt>
    <CcyAmt>
      <Ccy>KRW</Ccy>
      <Amt>1000</Amt>
    </CcyAmt>
  </FxRate>
  <FxRate>
    <Tp>LT</Tp>
    <Dt>2013-01-01</Dt>
    <CcyAmt>
      <Ccy>LTL</Ccy>
      <Amt>9.2591</Amt>
    </CcyAmt>
    <CcyAmt>
      <Ccy>KWD</Ccy>
      <Amt>1</Amt>
    </CcyAmt>
  </FxRate>
  <FxRate>
    <Tp>LT</Tp>
    <Dt>2013-01-01</Dt>
    <CcyAmt>
      <Ccy>LTL</Ccy>
      <Amt>1.7341</Amt>
    </CcyAmt>
    <CcyAmt>
      <Ccy>KZT</Ccy>
      <Amt>100</Amt>
    </CcyAmt>
  </FxRate>
  <FxRate>
    <Tp>LT</Tp>
    <Dt>2013-01-01</Dt>
    <CcyAmt>
      <Ccy>LTL</Ccy>
      <Amt>1.7310</Amt>
    </CcyAmt>
    <CcyAmt>
      <Ccy>LBP</Ccy>
      <Amt>1000</Amt>
    </CcyAmt>
  </FxRate>
  <FxRate>
    <Tp>LT</Tp>
    <Dt>2013-01-01</Dt>
    <CcyAmt>
      <Ccy>LTL</Ccy>
      <Amt>2.0487</Amt>
    </CcyAmt>
    <CcyAmt>
      <Ccy>LKR</Ccy>
      <Amt>100</Amt>
    </CcyAmt>
  </FxRate>
  <FxRate>
    <Tp>LT</Tp>
    <Dt>2013-01-01</Dt>
    <CcyAmt>
      <Ccy>LTL</Ccy>
      <Amt>4.9520</Amt>
    </CcyAmt>
    <CcyAmt>
      <Ccy>LVL</Ccy>
      <Amt>1</Amt>
    </CcyAmt>
  </FxRate>
  <FxRate>
    <Tp>LT</Tp>
    <Dt>2013-01-01</Dt>
    <CcyAmt>
      <Ccy>LTL</Ccy>
      <Amt>3.0930</Amt>
    </CcyAmt>
    <CcyAmt>
      <Ccy>MAD</Ccy>
      <Amt>10</Amt>
    </CcyAmt>
  </FxRate>
  <FxRate>
    <Tp>LT</Tp>
    <Dt>2013-01-01</Dt>
    <CcyAmt>
      <Ccy>LTL</Ccy>
      <Amt>2.1537</Amt>
    </CcyAmt>
    <CcyAmt>
      <Ccy>MDL</Ccy>
      <Amt>10</Amt>
    </CcyAmt>
  </FxRate>
  <FxRate>
    <Tp>LT</Tp>
    <Dt>2013-01-01</Dt>
    <CcyAmt>
      <Ccy>LTL</Ccy>
      <Amt>1.1485</Amt>
    </CcyAmt>
    <CcyAmt>
      <Ccy>MGA</Ccy>
      <Amt>1000</Amt>
    </CcyAmt>
  </FxRate>
  <FxRate>
    <Tp>LT</Tp>
    <Dt>2013-01-01</Dt>
    <CcyAmt>
      <Ccy>LTL</Ccy>
      <Amt>8.5052</Amt>
    </CcyAmt>
    <CcyAmt>
      <Ccy>MYR</Ccy>
      <Amt>10</Amt>
    </CcyAmt>
  </FxRate>
  <FxRate>
    <Tp>LT</Tp>
    <Dt>2013-01-01</Dt>
    <CcyAmt>
      <Ccy>LTL</Ccy>
      <Amt>5.5212</Amt>
    </CcyAmt>
    <CcyAmt>
      <Ccy>MKD</Ccy>
      <Amt>100</Amt>
    </CcyAmt>
  </FxRate>
  <FxRate>
    <Tp>LT</Tp>
    <Dt>2013-01-01</Dt>
    <CcyAmt>
      <Ccy>LTL</Ccy>
      <Amt>1.8891</Amt>
    </CcyAmt>
    <CcyAmt>
      <Ccy>MNT</Ccy>
      <Amt>1000</Amt>
    </CcyAmt>
  </FxRate>
  <FxRate>
    <Tp>LT</Tp>
    <Dt>2013-01-01</Dt>
    <CcyAmt>
      <Ccy>LTL</Ccy>
      <Amt>2.0088</Amt>
    </CcyAmt>
    <CcyAmt>
      <Ccy>MXN</Ccy>
      <Amt>10</Amt>
    </CcyAmt>
  </FxRate>
  <FxRate>
    <Tp>LT</Tp>
    <Dt>2013-01-01</Dt>
    <CcyAmt>
      <Ccy>LTL</Ccy>
      <Amt>8.7744</Amt>
    </CcyAmt>
    <CcyAmt>
      <Ccy>MZN</Ccy>
      <Amt>100</Amt>
    </CcyAmt>
  </FxRate>
  <FxRate>
    <Tp>LT</Tp>
    <Dt>2013-01-01</Dt>
    <CcyAmt>
      <Ccy>LTL</Ccy>
      <Amt>4.6734</Amt>
    </CcyAmt>
    <CcyAmt>
      <Ccy>NOK</Ccy>
      <Amt>10</Amt>
    </CcyAmt>
  </FxRate>
  <FxRate>
    <Tp>LT</Tp>
    <Dt>2013-01-01</Dt>
    <CcyAmt>
      <Ccy>LTL</Ccy>
      <Amt>2.1413</Amt>
    </CcyAmt>
    <CcyAmt>
      <Ccy>NZD</Ccy>
      <Amt>1</Amt>
    </CcyAmt>
  </FxRate>
  <FxRate>
    <Tp>LT</Tp>
    <Dt>2013-01-01</Dt>
    <CcyAmt>
      <Ccy>LTL</Ccy>
      <Amt>2.6060</Amt>
    </CcyAmt>
    <CcyAmt>
      <Ccy>PAB</Ccy>
      <Amt>1</Amt>
    </CcyAmt>
  </FxRate>
  <FxRate>
    <Tp>LT</Tp>
    <Dt>2013-01-01</Dt>
    <CcyAmt>
      <Ccy>LTL</Ccy>
      <Amt>10.2095</Amt>
    </CcyAmt>
    <CcyAmt>
      <Ccy>PEN</Ccy>
      <Amt>10</Amt>
    </CcyAmt>
  </FxRate>
  <FxRate>
    <Tp>LT</Tp>
    <Dt>2013-01-01</Dt>
    <CcyAmt>
      <Ccy>LTL</Ccy>
      <Amt>6.3460</Amt>
    </CcyAmt>
    <CcyAmt>
      <Ccy>PHP</Ccy>
      <Amt>100</Amt>
    </CcyAmt>
  </FxRate>
  <FxRate>
    <Tp>LT</Tp>
    <Dt>2013-01-01</Dt>
    <CcyAmt>
      <Ccy>LTL</Ccy>
      <Amt>2.6806</Amt>
    </CcyAmt>
    <CcyAmt>
      <Ccy>PKR</Ccy>
      <Amt>100</Amt>
    </CcyAmt>
  </FxRate>
  <FxRate>
    <Tp>LT</Tp>
    <Dt>2013-01-01</Dt>
    <CcyAmt>
      <Ccy>LTL</Ccy>
      <Amt>8.4739</Amt>
    </CcyAmt>
    <CcyAmt>
      <Ccy>PLN</Ccy>
      <Amt>10</Amt>
    </CcyAmt>
  </FxRate>
  <FxRate>
    <Tp>LT</Tp>
    <Dt>2013-01-01</Dt>
    <CcyAmt>
      <Ccy>LTL</Ccy>
      <Amt>7.1576</Amt>
    </CcyAmt>
    <CcyAmt>
      <Ccy>QAR</Ccy>
      <Amt>10</Amt>
    </CcyAmt>
  </FxRate>
  <FxRate>
    <Tp>LT</Tp>
    <Dt>2013-01-01</Dt>
    <CcyAmt>
      <Ccy>LTL</Ccy>
      <Amt>7.7903</Amt>
    </CcyAmt>
    <CcyAmt>
      <Ccy>RON</Ccy>
      <Amt>10</Amt>
    </CcyAmt>
  </FxRate>
  <FxRate>
    <Tp>LT</Tp>
    <Dt>2013-01-01</Dt>
    <CcyAmt>
      <Ccy>LTL</Ccy>
      <Amt>3.0253</Amt>
    </CcyAmt>
    <CcyAmt>
      <Ccy>RSD</Ccy>
      <Amt>100</Amt>
    </CcyAmt>
  </FxRate>
  <FxRate>
    <Tp>LT</Tp>
    <Dt>2013-01-01</Dt>
    <CcyAmt>
      <Ccy>LTL</Ccy>
      <Amt>8.5879</Amt>
    </CcyAmt>
    <CcyAmt>
      <Ccy>RUB</Ccy>
      <Amt>100</Amt>
    </CcyAmt>
  </FxRate>
  <FxRate>
    <Tp>LT</Tp>
    <Dt>2013-01-01</Dt>
    <CcyAmt>
      <Ccy>LTL</Ccy>
      <Amt>6.9482</Amt>
    </CcyAmt>
    <CcyAmt>
      <Ccy>SAR</Ccy>
      <Amt>10</Amt>
    </CcyAmt>
  </FxRate>
  <FxRate>
    <Tp>LT</Tp>
    <Dt>2013-01-01</Dt>
    <CcyAmt>
      <Ccy>LTL</Ccy>
      <Amt>4.0042</Amt>
    </CcyAmt>
    <CcyAmt>
      <Ccy>SEK</Ccy>
      <Amt>10</Amt>
    </CcyAmt>
  </FxRate>
  <FxRate>
    <Tp>LT</Tp>
    <Dt>2013-01-01</Dt>
    <CcyAmt>
      <Ccy>LTL</Ccy>
      <Amt>2.1315</Amt>
    </CcyAmt>
    <CcyAmt>
      <Ccy>SGD</Ccy>
      <Amt>1</Amt>
    </CcyAmt>
  </FxRate>
  <FxRate>
    <Tp>LT</Tp>
    <Dt>2013-01-01</Dt>
    <CcyAmt>
      <Ccy>LTL</Ccy>
      <Amt>3.6704</Amt>
    </CcyAmt>
    <CcyAmt>
      <Ccy>SYP</Ccy>
      <Amt>100</Amt>
    </CcyAmt>
  </FxRate>
  <FxRate>
    <Tp>LT</Tp>
    <Dt>2013-01-01</Dt>
    <CcyAmt>
      <Ccy>LTL</Ccy>
      <Amt>8.5135</Amt>
    </CcyAmt>
    <CcyAmt>
      <Ccy>THB</Ccy>
      <Amt>100</Amt>
    </CcyAmt>
  </FxRate>
  <FxRate>
    <Tp>LT</Tp>
    <Dt>2013-01-01</Dt>
    <CcyAmt>
      <Ccy>LTL</Ccy>
      <Amt>5.4764</Amt>
    </CcyAmt>
    <CcyAmt>
      <Ccy>TJS</Ccy>
      <Amt>10</Amt>
    </CcyAmt>
  </FxRate>
  <FxRate>
    <Tp>LT</Tp>
    <Dt>2013-01-01</Dt>
    <CcyAmt>
      <Ccy>LTL</Ccy>
      <Amt>9.1390</Amt>
    </CcyAmt>
    <CcyAmt>
      <Ccy>TMT</Ccy>
      <Amt>10</Amt>
    </CcyAmt>
  </FxRate>
  <FxRate>
    <Tp>LT</Tp>
    <Dt>2013-01-01</Dt>
    <CcyAmt>
      <Ccy>LTL</Ccy>
      <Amt>1.6844</Amt>
    </CcyAmt>
    <CcyAmt>
      <Ccy>TND</Ccy>
      <Amt>1</Amt>
    </CcyAmt>
  </FxRate>
  <FxRate>
    <Tp>LT</Tp>
    <Dt>2013-01-01</Dt>
    <CcyAmt>
      <Ccy>LTL</Ccy>
      <Amt>1.4550</Amt>
    </CcyAmt>
    <CcyAmt>
      <Ccy>TRY</Ccy>
      <Amt>1</Amt>
    </CcyAmt>
  </FxRate>
  <FxRate>
    <Tp>LT</Tp>
    <Dt>2013-01-01</Dt>
    <CcyAmt>
      <Ccy>LTL</Ccy>
      <Amt>8.9758</Amt>
    </CcyAmt>
    <CcyAmt>
      <Ccy>TWD</Ccy>
      <Amt>100</Amt>
    </CcyAmt>
  </FxRate>
  <FxRate>
    <Tp>LT</Tp>
    <Dt>2013-01-01</Dt>
    <CcyAmt>
      <Ccy>LTL</Ccy>
      <Amt>1.6473</Amt>
    </CcyAmt>
    <CcyAmt>
      <Ccy>TZS</Ccy>
      <Amt>1000</Amt>
    </CcyAmt>
  </FxRate>
  <FxRate>
    <Tp>LT</Tp>
    <Dt>2013-01-01</Dt>
    <CcyAmt>
      <Ccy>LTL</Ccy>
      <Amt>3.2292</Amt>
    </CcyAmt>
    <CcyAmt>
      <Ccy>UAH</Ccy>
      <Amt>10</Amt>
    </CcyAmt>
  </FxRate>
  <FxRate>
    <Tp>LT</Tp>
    <Dt>2013-01-01</Dt>
    <CcyAmt>
      <Ccy>LTL</Ccy>
      <Amt>1.3608</Amt>
    </CcyAmt>
    <CcyAmt>
      <Ccy>UYU</Ccy>
      <Amt>10</Amt>
    </CcyAmt>
  </FxRate>
  <FxRate>
    <Tp>LT</Tp>
    <Dt>2013-01-01</Dt>
    <CcyAmt>
      <Ccy>LTL</Ccy>
      <Amt>2.6060</Amt>
    </CcyAmt>
    <CcyAmt>
      <Ccy>USD</Ccy>
      <Amt>1</Amt>
    </CcyAmt>
  </FxRate>
  <FxRate>
    <Tp>LT</Tp>
    <Dt>2013-01-01</Dt>
    <CcyAmt>
      <Ccy>LTL</Ccy>
      <Amt>1.3135</Amt>
    </CcyAmt>
    <CcyAmt>
      <Ccy>UZS</Ccy>
      <Amt>1000</Amt>
    </CcyAmt>
  </FxRate>
  <FxRate>
    <Tp>LT</Tp>
    <Dt>2013-01-01</Dt>
    <CcyAmt>
      <Ccy>LTL</Ccy>
      <Amt>6.0680</Amt>
    </CcyAmt>
    <CcyAmt>
      <Ccy>VEF</Ccy>
      <Amt>10</Amt>
    </CcyAmt>
  </FxRate>
  <FxRate>
    <Tp>LT</Tp>
    <Dt>2013-01-01</Dt>
    <CcyAmt>
      <Ccy>LTL</Ccy>
      <Amt>1.2505</Amt>
    </CcyAmt>
    <CcyAmt>
      <Ccy>VND</Ccy>
      <Amt>10000</Amt>
    </CcyAmt>
  </FxRate>
  <FxRate>
    <Tp>LT</Tp>
    <Dt>2013-01-01</Dt>
    <CcyAmt>
      <Ccy>LTL</Ccy>
      <Amt>5.2940</Amt>
    </CcyAmt>
    <CcyAmt>
      <Ccy>XAF</Ccy>
      <Amt>1000</Amt>
    </CcyAmt>
  </FxRate>
  <FxRate>
    <Tp>LT</Tp>
    <Dt>2013-01-01</Dt>
    <CcyAmt>
      <Ccy>LTL</Ccy>
      <Amt>4.0171</Amt>
    </CcyAmt>
    <CcyAmt>
      <Ccy>XDR</Ccy>
      <Amt>1</Amt>
    </CcyAmt>
  </FxRate>
  <FxRate>
    <Tp>LT</Tp>
    <Dt>2013-01-01</Dt>
    <CcyAmt>
      <Ccy>LTL</Ccy>
      <Amt>5.2605</Amt>
    </CcyAmt>
    <CcyAmt>
      <Ccy>XOF</Ccy>
      <Amt>1000</Amt>
    </CcyAmt>
  </FxRate>
  <FxRate>
    <Tp>LT</Tp>
    <Dt>2013-01-01</Dt>
    <CcyAmt>
      <Ccy>LTL</Ccy>
      <Amt>3.0665</Amt>
    </CcyAmt>
    <CcyAmt>
      <Ccy>ZAR</Ccy>
      <Amt>10</Amt>
    </CcyAmt>
  </FxRate>
</FxRates>