<?xml version="1.0" encoding="utf-8"?>
<FxRates xmlns="http://www.lb.lt/WebServices/FxRates">
  <FxRate>
    <Tp>EU</Tp>
    <Dt>2014-12-31</Dt>
    <CcyAmt>
      <Ccy>EUR</Ccy>
      <Amt>1</Amt>
    </CcyAmt>
    <CcyAmt>
      <Ccy>AUD</Ccy>
      <Amt>1.4829</Amt>
    </CcyAmt>
  </FxRate>
  <FxRate>
    <Tp>EU</Tp>
    <Dt>2014-12-31</Dt>
    <CcyAmt>
      <Ccy>EUR</Ccy>
      <Amt>1</Amt>
    </CcyAmt>
    <CcyAmt>
      <Ccy>BGN</Ccy>
      <Amt>1.9558</Amt>
    </CcyAmt>
  </FxRate>
  <FxRate>
    <Tp>EU</Tp>
    <Dt>2014-12-31</Dt>
    <CcyAmt>
      <Ccy>EUR</Ccy>
      <Amt>1</Amt>
    </CcyAmt>
    <CcyAmt>
      <Ccy>BRL</Ccy>
      <Amt>3.2207</Amt>
    </CcyAmt>
  </FxRate>
  <FxRate>
    <Tp>EU</Tp>
    <Dt>2014-12-31</Dt>
    <CcyAmt>
      <Ccy>EUR</Ccy>
      <Amt>1</Amt>
    </CcyAmt>
    <CcyAmt>
      <Ccy>CAD</Ccy>
      <Amt>1.4063</Amt>
    </CcyAmt>
  </FxRate>
  <FxRate>
    <Tp>EU</Tp>
    <Dt>2014-12-31</Dt>
    <CcyAmt>
      <Ccy>EUR</Ccy>
      <Amt>1</Amt>
    </CcyAmt>
    <CcyAmt>
      <Ccy>CHF</Ccy>
      <Amt>1.2024</Amt>
    </CcyAmt>
  </FxRate>
  <FxRate>
    <Tp>EU</Tp>
    <Dt>2014-12-31</Dt>
    <CcyAmt>
      <Ccy>EUR</Ccy>
      <Amt>1</Amt>
    </CcyAmt>
    <CcyAmt>
      <Ccy>CNY</Ccy>
      <Amt>7.5358</Amt>
    </CcyAmt>
  </FxRate>
  <FxRate>
    <Tp>EU</Tp>
    <Dt>2014-12-31</Dt>
    <CcyAmt>
      <Ccy>EUR</Ccy>
      <Amt>1</Amt>
    </CcyAmt>
    <CcyAmt>
      <Ccy>CZK</Ccy>
      <Amt>27.7350</Amt>
    </CcyAmt>
  </FxRate>
  <FxRate>
    <Tp>EU</Tp>
    <Dt>2014-12-31</Dt>
    <CcyAmt>
      <Ccy>EUR</Ccy>
      <Amt>1</Amt>
    </CcyAmt>
    <CcyAmt>
      <Ccy>DKK</Ccy>
      <Amt>7.4453</Amt>
    </CcyAmt>
  </FxRate>
  <FxRate>
    <Tp>EU</Tp>
    <Dt>2014-12-31</Dt>
    <CcyAmt>
      <Ccy>EUR</Ccy>
      <Amt>1</Amt>
    </CcyAmt>
    <CcyAmt>
      <Ccy>GBP</Ccy>
      <Amt>0.7789</Amt>
    </CcyAmt>
  </FxRate>
  <FxRate>
    <Tp>EU</Tp>
    <Dt>2014-12-31</Dt>
    <CcyAmt>
      <Ccy>EUR</Ccy>
      <Amt>1</Amt>
    </CcyAmt>
    <CcyAmt>
      <Ccy>HKD</Ccy>
      <Amt>9.4170</Amt>
    </CcyAmt>
  </FxRate>
  <FxRate>
    <Tp>EU</Tp>
    <Dt>2014-12-31</Dt>
    <CcyAmt>
      <Ccy>EUR</Ccy>
      <Amt>1</Amt>
    </CcyAmt>
    <CcyAmt>
      <Ccy>HRK</Ccy>
      <Amt>7.6580</Amt>
    </CcyAmt>
  </FxRate>
  <FxRate>
    <Tp>EU</Tp>
    <Dt>2014-12-31</Dt>
    <CcyAmt>
      <Ccy>EUR</Ccy>
      <Amt>1</Amt>
    </CcyAmt>
    <CcyAmt>
      <Ccy>HUF</Ccy>
      <Amt>315.54</Amt>
    </CcyAmt>
  </FxRate>
  <FxRate>
    <Tp>EU</Tp>
    <Dt>2014-12-31</Dt>
    <CcyAmt>
      <Ccy>EUR</Ccy>
      <Amt>1</Amt>
    </CcyAmt>
    <CcyAmt>
      <Ccy>IDR</Ccy>
      <Amt>15076.10</Amt>
    </CcyAmt>
  </FxRate>
  <FxRate>
    <Tp>EU</Tp>
    <Dt>2014-12-31</Dt>
    <CcyAmt>
      <Ccy>EUR</Ccy>
      <Amt>1</Amt>
    </CcyAmt>
    <CcyAmt>
      <Ccy>ILS</Ccy>
      <Amt>4.72</Amt>
    </CcyAmt>
  </FxRate>
  <FxRate>
    <Tp>EU</Tp>
    <Dt>2014-12-31</Dt>
    <CcyAmt>
      <Ccy>EUR</Ccy>
      <Amt>1</Amt>
    </CcyAmt>
    <CcyAmt>
      <Ccy>INR</Ccy>
      <Amt>76.7190</Amt>
    </CcyAmt>
  </FxRate>
  <FxRate>
    <Tp>EU</Tp>
    <Dt>2014-12-31</Dt>
    <CcyAmt>
      <Ccy>EUR</Ccy>
      <Amt>1</Amt>
    </CcyAmt>
    <CcyAmt>
      <Ccy>JPY</Ccy>
      <Amt>145.23</Amt>
    </CcyAmt>
  </FxRate>
  <FxRate>
    <Tp>EU</Tp>
    <Dt>2014-12-31</Dt>
    <CcyAmt>
      <Ccy>EUR</Ccy>
      <Amt>1</Amt>
    </CcyAmt>
    <CcyAmt>
      <Ccy>KRW</Ccy>
      <Amt>1324.80</Amt>
    </CcyAmt>
  </FxRate>
  <FxRate>
    <Tp>EU</Tp>
    <Dt>2014-12-31</Dt>
    <CcyAmt>
      <Ccy>EUR</Ccy>
      <Amt>1</Amt>
    </CcyAmt>
    <CcyAmt>
      <Ccy>MYR</Ccy>
      <Amt>4.2473</Amt>
    </CcyAmt>
  </FxRate>
  <FxRate>
    <Tp>EU</Tp>
    <Dt>2014-12-31</Dt>
    <CcyAmt>
      <Ccy>EUR</Ccy>
      <Amt>1</Amt>
    </CcyAmt>
    <CcyAmt>
      <Ccy>MXN</Ccy>
      <Amt>17.8679</Amt>
    </CcyAmt>
  </FxRate>
  <FxRate>
    <Tp>EU</Tp>
    <Dt>2014-12-31</Dt>
    <CcyAmt>
      <Ccy>EUR</Ccy>
      <Amt>1</Amt>
    </CcyAmt>
    <CcyAmt>
      <Ccy>NOK</Ccy>
      <Amt>9.0420</Amt>
    </CcyAmt>
  </FxRate>
  <FxRate>
    <Tp>EU</Tp>
    <Dt>2014-12-31</Dt>
    <CcyAmt>
      <Ccy>EUR</Ccy>
      <Amt>1</Amt>
    </CcyAmt>
    <CcyAmt>
      <Ccy>NZD</Ccy>
      <Amt>1.5525</Amt>
    </CcyAmt>
  </FxRate>
  <FxRate>
    <Tp>EU</Tp>
    <Dt>2014-12-31</Dt>
    <CcyAmt>
      <Ccy>EUR</Ccy>
      <Amt>1</Amt>
    </CcyAmt>
    <CcyAmt>
      <Ccy>PHP</Ccy>
      <Amt>54.4360</Amt>
    </CcyAmt>
  </FxRate>
  <FxRate>
    <Tp>EU</Tp>
    <Dt>2014-12-31</Dt>
    <CcyAmt>
      <Ccy>EUR</Ccy>
      <Amt>1</Amt>
    </CcyAmt>
    <CcyAmt>
      <Ccy>PLN</Ccy>
      <Amt>4.2732</Amt>
    </CcyAmt>
  </FxRate>
  <FxRate>
    <Tp>EU</Tp>
    <Dt>2014-12-31</Dt>
    <CcyAmt>
      <Ccy>EUR</Ccy>
      <Amt>1</Amt>
    </CcyAmt>
    <CcyAmt>
      <Ccy>RUB</Ccy>
      <Amt>72.3370</Amt>
    </CcyAmt>
  </FxRate>
  <FxRate>
    <Tp>EU</Tp>
    <Dt>2014-12-31</Dt>
    <CcyAmt>
      <Ccy>EUR</Ccy>
      <Amt>1</Amt>
    </CcyAmt>
    <CcyAmt>
      <Ccy>SEK</Ccy>
      <Amt>9.3930</Amt>
    </CcyAmt>
  </FxRate>
  <FxRate>
    <Tp>EU</Tp>
    <Dt>2014-12-31</Dt>
    <CcyAmt>
      <Ccy>EUR</Ccy>
      <Amt>1</Amt>
    </CcyAmt>
    <CcyAmt>
      <Ccy>SGD</Ccy>
      <Amt>1.6058</Amt>
    </CcyAmt>
  </FxRate>
  <FxRate>
    <Tp>EU</Tp>
    <Dt>2014-12-31</Dt>
    <CcyAmt>
      <Ccy>EUR</Ccy>
      <Amt>1</Amt>
    </CcyAmt>
    <CcyAmt>
      <Ccy>THB</Ccy>
      <Amt>39.91</Amt>
    </CcyAmt>
  </FxRate>
  <FxRate>
    <Tp>EU</Tp>
    <Dt>2014-12-31</Dt>
    <CcyAmt>
      <Ccy>EUR</Ccy>
      <Amt>1</Amt>
    </CcyAmt>
    <CcyAmt>
      <Ccy>TRY</Ccy>
      <Amt>2.8320</Amt>
    </CcyAmt>
  </FxRate>
  <FxRate>
    <Tp>EU</Tp>
    <Dt>2014-12-31</Dt>
    <CcyAmt>
      <Ccy>EUR</Ccy>
      <Amt>1</Amt>
    </CcyAmt>
    <CcyAmt>
      <Ccy>USD</Ccy>
      <Amt>1.2141</Amt>
    </CcyAmt>
  </FxRate>
  <FxRate>
    <Tp>EU</Tp>
    <Dt>2014-12-31</Dt>
    <CcyAmt>
      <Ccy>EUR</Ccy>
      <Amt>1</Amt>
    </CcyAmt>
    <CcyAmt>
      <Ccy>ZAR</Ccy>
      <Amt>14.0353</Amt>
    </CcyAmt>
  </FxRate>
  <FxRate>
    <Tp>EU</Tp>
    <Dt>2014-12-30</Dt>
    <CcyAmt>
      <Ccy>EUR</Ccy>
      <Amt>1</Amt>
    </CcyAmt>
    <CcyAmt>
      <Ccy>AED</Ccy>
      <Amt>4.464840</Amt>
    </CcyAmt>
  </FxRate>
  <FxRate>
    <Tp>EU</Tp>
    <Dt>2014-12-30</Dt>
    <CcyAmt>
      <Ccy>EUR</Ccy>
      <Amt>1</Amt>
    </CcyAmt>
    <CcyAmt>
      <Ccy>AFN</Ccy>
      <Amt>70.915190</Amt>
    </CcyAmt>
  </FxRate>
  <FxRate>
    <Tp>EU</Tp>
    <Dt>2014-12-30</Dt>
    <CcyAmt>
      <Ccy>EUR</Ccy>
      <Amt>1</Amt>
    </CcyAmt>
    <CcyAmt>
      <Ccy>ALL</Ccy>
      <Amt>139.891570</Amt>
    </CcyAmt>
  </FxRate>
  <FxRate>
    <Tp>EU</Tp>
    <Dt>2014-12-30</Dt>
    <CcyAmt>
      <Ccy>EUR</Ccy>
      <Amt>1</Amt>
    </CcyAmt>
    <CcyAmt>
      <Ccy>AMD</Ccy>
      <Amt>576.1707</Amt>
    </CcyAmt>
  </FxRate>
  <FxRate>
    <Tp>EU</Tp>
    <Dt>2014-12-30</Dt>
    <CcyAmt>
      <Ccy>EUR</Ccy>
      <Amt>1</Amt>
    </CcyAmt>
    <CcyAmt>
      <Ccy>ARS</Ccy>
      <Amt>10.397210</Amt>
    </CcyAmt>
  </FxRate>
  <FxRate>
    <Tp>EU</Tp>
    <Dt>2014-12-30</Dt>
    <CcyAmt>
      <Ccy>EUR</Ccy>
      <Amt>1</Amt>
    </CcyAmt>
    <CcyAmt>
      <Ccy>BAM</Ccy>
      <Amt>1.958130</Amt>
    </CcyAmt>
  </FxRate>
  <FxRate>
    <Tp>EU</Tp>
    <Dt>2014-12-30</Dt>
    <CcyAmt>
      <Ccy>EUR</Ccy>
      <Amt>1</Amt>
    </CcyAmt>
    <CcyAmt>
      <Ccy>BDT</Ccy>
      <Amt>94.721730</Amt>
    </CcyAmt>
  </FxRate>
  <FxRate>
    <Tp>EU</Tp>
    <Dt>2014-12-30</Dt>
    <CcyAmt>
      <Ccy>EUR</Ccy>
      <Amt>1</Amt>
    </CcyAmt>
    <CcyAmt>
      <Ccy>BHD</Ccy>
      <Amt>0.458310</Amt>
    </CcyAmt>
  </FxRate>
  <FxRate>
    <Tp>EU</Tp>
    <Dt>2014-12-30</Dt>
    <CcyAmt>
      <Ccy>EUR</Ccy>
      <Amt>1</Amt>
    </CcyAmt>
    <CcyAmt>
      <Ccy>BYR</Ccy>
      <Amt>14343.49</Amt>
    </CcyAmt>
  </FxRate>
  <FxRate>
    <Tp>EU</Tp>
    <Dt>2014-12-30</Dt>
    <CcyAmt>
      <Ccy>EUR</Ccy>
      <Amt>1</Amt>
    </CcyAmt>
    <CcyAmt>
      <Ccy>CLP</Ccy>
      <Amt>738.325070</Amt>
    </CcyAmt>
  </FxRate>
  <FxRate>
    <Tp>EU</Tp>
    <Dt>2014-12-30</Dt>
    <CcyAmt>
      <Ccy>EUR</Ccy>
      <Amt>1</Amt>
    </CcyAmt>
    <CcyAmt>
      <Ccy>COP</Ccy>
      <Amt>2891.185680</Amt>
    </CcyAmt>
  </FxRate>
  <FxRate>
    <Tp>EU</Tp>
    <Dt>2014-12-30</Dt>
    <CcyAmt>
      <Ccy>EUR</Ccy>
      <Amt>1</Amt>
    </CcyAmt>
    <CcyAmt>
      <Ccy>DJF</Ccy>
      <Amt>215.760130</Amt>
    </CcyAmt>
  </FxRate>
  <FxRate>
    <Tp>EU</Tp>
    <Dt>2014-12-30</Dt>
    <CcyAmt>
      <Ccy>EUR</Ccy>
      <Amt>1</Amt>
    </CcyAmt>
    <CcyAmt>
      <Ccy>DZD</Ccy>
      <Amt>106.780960</Amt>
    </CcyAmt>
  </FxRate>
  <FxRate>
    <Tp>EU</Tp>
    <Dt>2014-12-30</Dt>
    <CcyAmt>
      <Ccy>EUR</Ccy>
      <Amt>1</Amt>
    </CcyAmt>
    <CcyAmt>
      <Ccy>EGP</Ccy>
      <Amt>8.691240</Amt>
    </CcyAmt>
  </FxRate>
  <FxRate>
    <Tp>EU</Tp>
    <Dt>2014-12-30</Dt>
    <CcyAmt>
      <Ccy>EUR</Ccy>
      <Amt>1</Amt>
    </CcyAmt>
    <CcyAmt>
      <Ccy>ETB</Ccy>
      <Amt>24.5535</Amt>
    </CcyAmt>
  </FxRate>
  <FxRate>
    <Tp>EU</Tp>
    <Dt>2014-12-30</Dt>
    <CcyAmt>
      <Ccy>EUR</Ccy>
      <Amt>1</Amt>
    </CcyAmt>
    <CcyAmt>
      <Ccy>GEL</Ccy>
      <Amt>2.252470</Amt>
    </CcyAmt>
  </FxRate>
  <FxRate>
    <Tp>EU</Tp>
    <Dt>2014-12-30</Dt>
    <CcyAmt>
      <Ccy>EUR</Ccy>
      <Amt>1</Amt>
    </CcyAmt>
    <CcyAmt>
      <Ccy>YER</Ccy>
      <Amt>261.209540</Amt>
    </CcyAmt>
  </FxRate>
  <FxRate>
    <Tp>EU</Tp>
    <Dt>2014-12-30</Dt>
    <CcyAmt>
      <Ccy>EUR</Ccy>
      <Amt>1</Amt>
    </CcyAmt>
    <CcyAmt>
      <Ccy>IQD</Ccy>
      <Amt>1390.5892</Amt>
    </CcyAmt>
  </FxRate>
  <FxRate>
    <Tp>EU</Tp>
    <Dt>2014-12-30</Dt>
    <CcyAmt>
      <Ccy>EUR</Ccy>
      <Amt>1</Amt>
    </CcyAmt>
    <CcyAmt>
      <Ccy>IRR</Ccy>
      <Amt>32988.811450</Amt>
    </CcyAmt>
  </FxRate>
  <FxRate>
    <Tp>EU</Tp>
    <Dt>2014-12-30</Dt>
    <CcyAmt>
      <Ccy>EUR</Ccy>
      <Amt>1</Amt>
    </CcyAmt>
    <CcyAmt>
      <Ccy>JOD</Ccy>
      <Amt>0.861820</Amt>
    </CcyAmt>
  </FxRate>
  <FxRate>
    <Tp>EU</Tp>
    <Dt>2014-12-30</Dt>
    <CcyAmt>
      <Ccy>EUR</Ccy>
      <Amt>1</Amt>
    </CcyAmt>
    <CcyAmt>
      <Ccy>KES</Ccy>
      <Amt>110.122750</Amt>
    </CcyAmt>
  </FxRate>
  <FxRate>
    <Tp>EU</Tp>
    <Dt>2014-12-30</Dt>
    <CcyAmt>
      <Ccy>EUR</Ccy>
      <Amt>1</Amt>
    </CcyAmt>
    <CcyAmt>
      <Ccy>KGS</Ccy>
      <Amt>71.5959</Amt>
    </CcyAmt>
  </FxRate>
  <FxRate>
    <Tp>EU</Tp>
    <Dt>2014-12-30</Dt>
    <CcyAmt>
      <Ccy>EUR</Ccy>
      <Amt>1</Amt>
    </CcyAmt>
    <CcyAmt>
      <Ccy>KWD</Ccy>
      <Amt>0.356030</Amt>
    </CcyAmt>
  </FxRate>
  <FxRate>
    <Tp>EU</Tp>
    <Dt>2014-12-30</Dt>
    <CcyAmt>
      <Ccy>EUR</Ccy>
      <Amt>1</Amt>
    </CcyAmt>
    <CcyAmt>
      <Ccy>KZT</Ccy>
      <Amt>221.6677</Amt>
    </CcyAmt>
  </FxRate>
  <FxRate>
    <Tp>EU</Tp>
    <Dt>2014-12-30</Dt>
    <CcyAmt>
      <Ccy>EUR</Ccy>
      <Amt>1</Amt>
    </CcyAmt>
    <CcyAmt>
      <Ccy>LBP</Ccy>
      <Amt>1839.127150</Amt>
    </CcyAmt>
  </FxRate>
  <FxRate>
    <Tp>EU</Tp>
    <Dt>2014-12-30</Dt>
    <CcyAmt>
      <Ccy>EUR</Ccy>
      <Amt>1</Amt>
    </CcyAmt>
    <CcyAmt>
      <Ccy>LKR</Ccy>
      <Amt>159.540940</Amt>
    </CcyAmt>
  </FxRate>
  <FxRate>
    <Tp>EU</Tp>
    <Dt>2014-12-30</Dt>
    <CcyAmt>
      <Ccy>EUR</Ccy>
      <Amt>1</Amt>
    </CcyAmt>
    <CcyAmt>
      <Ccy>MAD</Ccy>
      <Amt>10.965420</Amt>
    </CcyAmt>
  </FxRate>
  <FxRate>
    <Tp>EU</Tp>
    <Dt>2014-12-30</Dt>
    <CcyAmt>
      <Ccy>EUR</Ccy>
      <Amt>1</Amt>
    </CcyAmt>
    <CcyAmt>
      <Ccy>MDL</Ccy>
      <Amt>18.980810</Amt>
    </CcyAmt>
  </FxRate>
  <FxRate>
    <Tp>EU</Tp>
    <Dt>2014-12-30</Dt>
    <CcyAmt>
      <Ccy>EUR</Ccy>
      <Amt>1</Amt>
    </CcyAmt>
    <CcyAmt>
      <Ccy>MGA</Ccy>
      <Amt>3152.893590</Amt>
    </CcyAmt>
  </FxRate>
  <FxRate>
    <Tp>EU</Tp>
    <Dt>2014-12-30</Dt>
    <CcyAmt>
      <Ccy>EUR</Ccy>
      <Amt>1</Amt>
    </CcyAmt>
    <CcyAmt>
      <Ccy>MKD</Ccy>
      <Amt>61.494670</Amt>
    </CcyAmt>
  </FxRate>
  <FxRate>
    <Tp>EU</Tp>
    <Dt>2014-12-30</Dt>
    <CcyAmt>
      <Ccy>EUR</Ccy>
      <Amt>1</Amt>
    </CcyAmt>
    <CcyAmt>
      <Ccy>MNT</Ccy>
      <Amt>2287.057330</Amt>
    </CcyAmt>
  </FxRate>
  <FxRate>
    <Tp>EU</Tp>
    <Dt>2014-12-30</Dt>
    <CcyAmt>
      <Ccy>EUR</Ccy>
      <Amt>1</Amt>
    </CcyAmt>
    <CcyAmt>
      <Ccy>MZN</Ccy>
      <Amt>40.514280</Amt>
    </CcyAmt>
  </FxRate>
  <FxRate>
    <Tp>EU</Tp>
    <Dt>2014-12-30</Dt>
    <CcyAmt>
      <Ccy>EUR</Ccy>
      <Amt>1</Amt>
    </CcyAmt>
    <CcyAmt>
      <Ccy>PAB</Ccy>
      <Amt>1.215550</Amt>
    </CcyAmt>
  </FxRate>
  <FxRate>
    <Tp>EU</Tp>
    <Dt>2014-12-30</Dt>
    <CcyAmt>
      <Ccy>EUR</Ccy>
      <Amt>1</Amt>
    </CcyAmt>
    <CcyAmt>
      <Ccy>PKR</Ccy>
      <Amt>122.709770</Amt>
    </CcyAmt>
  </FxRate>
  <FxRate>
    <Tp>EU</Tp>
    <Dt>2014-12-30</Dt>
    <CcyAmt>
      <Ccy>EUR</Ccy>
      <Amt>1</Amt>
    </CcyAmt>
    <CcyAmt>
      <Ccy>QAR</Ccy>
      <Amt>4.426850</Amt>
    </CcyAmt>
  </FxRate>
  <FxRate>
    <Tp>EU</Tp>
    <Dt>2014-12-30</Dt>
    <CcyAmt>
      <Ccy>EUR</Ccy>
      <Amt>1</Amt>
    </CcyAmt>
    <CcyAmt>
      <Ccy>RSD</Ccy>
      <Amt>120.6251</Amt>
    </CcyAmt>
  </FxRate>
  <FxRate>
    <Tp>EU</Tp>
    <Dt>2014-12-30</Dt>
    <CcyAmt>
      <Ccy>EUR</Ccy>
      <Amt>1</Amt>
    </CcyAmt>
    <CcyAmt>
      <Ccy>SAR</Ccy>
      <Amt>4.561960</Amt>
    </CcyAmt>
  </FxRate>
  <FxRate>
    <Tp>EU</Tp>
    <Dt>2014-12-30</Dt>
    <CcyAmt>
      <Ccy>EUR</Ccy>
      <Amt>1</Amt>
    </CcyAmt>
    <CcyAmt>
      <Ccy>SYP</Ccy>
      <Amt>219.826140</Amt>
    </CcyAmt>
  </FxRate>
  <FxRate>
    <Tp>EU</Tp>
    <Dt>2014-12-30</Dt>
    <CcyAmt>
      <Ccy>EUR</Ccy>
      <Amt>1</Amt>
    </CcyAmt>
    <CcyAmt>
      <Ccy>TJS</Ccy>
      <Amt>6.4164</Amt>
    </CcyAmt>
  </FxRate>
  <FxRate>
    <Tp>EU</Tp>
    <Dt>2014-12-30</Dt>
    <CcyAmt>
      <Ccy>EUR</Ccy>
      <Amt>1</Amt>
    </CcyAmt>
    <CcyAmt>
      <Ccy>TMT</Ccy>
      <Amt>3.464930</Amt>
    </CcyAmt>
  </FxRate>
  <FxRate>
    <Tp>EU</Tp>
    <Dt>2014-12-30</Dt>
    <CcyAmt>
      <Ccy>EUR</Ccy>
      <Amt>1</Amt>
    </CcyAmt>
    <CcyAmt>
      <Ccy>TND</Ccy>
      <Amt>2.265480</Amt>
    </CcyAmt>
  </FxRate>
  <FxRate>
    <Tp>EU</Tp>
    <Dt>2014-12-30</Dt>
    <CcyAmt>
      <Ccy>EUR</Ccy>
      <Amt>1</Amt>
    </CcyAmt>
    <CcyAmt>
      <Ccy>TWD</Ccy>
      <Amt>38.559680</Amt>
    </CcyAmt>
  </FxRate>
  <FxRate>
    <Tp>EU</Tp>
    <Dt>2014-12-30</Dt>
    <CcyAmt>
      <Ccy>EUR</Ccy>
      <Amt>1</Amt>
    </CcyAmt>
    <CcyAmt>
      <Ccy>TZS</Ccy>
      <Amt>2113.841450</Amt>
    </CcyAmt>
  </FxRate>
  <FxRate>
    <Tp>EU</Tp>
    <Dt>2014-12-30</Dt>
    <CcyAmt>
      <Ccy>EUR</Ccy>
      <Amt>1</Amt>
    </CcyAmt>
    <CcyAmt>
      <Ccy>UAH</Ccy>
      <Amt>19.228540</Amt>
    </CcyAmt>
  </FxRate>
  <FxRate>
    <Tp>EU</Tp>
    <Dt>2014-12-30</Dt>
    <CcyAmt>
      <Ccy>EUR</Ccy>
      <Amt>1</Amt>
    </CcyAmt>
    <CcyAmt>
      <Ccy>UYU</Ccy>
      <Amt>29.598640</Amt>
    </CcyAmt>
  </FxRate>
  <FxRate>
    <Tp>EU</Tp>
    <Dt>2014-12-30</Dt>
    <CcyAmt>
      <Ccy>EUR</Ccy>
      <Amt>1</Amt>
    </CcyAmt>
    <CcyAmt>
      <Ccy>UZS</Ccy>
      <Amt>2944.548320</Amt>
    </CcyAmt>
  </FxRate>
  <FxRate>
    <Tp>EU</Tp>
    <Dt>2014-12-30</Dt>
    <CcyAmt>
      <Ccy>EUR</Ccy>
      <Amt>1</Amt>
    </CcyAmt>
    <CcyAmt>
      <Ccy>VEF</Ccy>
      <Amt>7.648360</Amt>
    </CcyAmt>
  </FxRate>
  <FxRate>
    <Tp>EU</Tp>
    <Dt>2014-12-30</Dt>
    <CcyAmt>
      <Ccy>EUR</Ccy>
      <Amt>1</Amt>
    </CcyAmt>
    <CcyAmt>
      <Ccy>VND</Ccy>
      <Amt>26003.653380</Amt>
    </CcyAmt>
  </FxRate>
  <FxRate>
    <Tp>EU</Tp>
    <Dt>2014-12-30</Dt>
    <CcyAmt>
      <Ccy>EUR</Ccy>
      <Amt>1</Amt>
    </CcyAmt>
    <CcyAmt>
      <Ccy>XAF</Ccy>
      <Amt>658.670080</Amt>
    </CcyAmt>
  </FxRate>
  <FxRate>
    <Tp>EU</Tp>
    <Dt>2014-12-30</Dt>
    <CcyAmt>
      <Ccy>EUR</Ccy>
      <Amt>1</Amt>
    </CcyAmt>
    <CcyAmt>
      <Ccy>XOF</Ccy>
      <Amt>659.581740</Amt>
    </CcyAmt>
  </FxRate>
</FxRates>